Archive member included because of file (symbol)

c:/winavr-20070525/bin/../lib/gcc/avr/4.1.2/avr5\libgcc.a(_exit.o)
                              c:/winavr-20070525/bin/../lib/gcc/avr/4.1.2/../../../../avr/lib/avr5/crtm644.o (exit)
c:/winavr-20070525/bin/../lib/gcc/avr/4.1.2/avr5\libgcc.a(_copy_data.o)
                              nordic1_send.o (__do_copy_data)
c:/winavr-20070525/bin/../lib/gcc/avr/4.1.2/avr5\libgcc.a(_clear_bss.o)
                              nordic1_send.o (__do_clear_bss)
c:/winavr-20070525/bin/../lib/gcc/avr/4.1.2/../../../../avr/lib/avr5\libc.a(iob.o)
                              nordic1_send.o (__iob)
c:/winavr-20070525/bin/../lib/gcc/avr/4.1.2/../../../../avr/lib/avr5\libc.a(printf_p.o)
                              nordic1_send.o (printf_P)
c:/winavr-20070525/bin/../lib/gcc/avr/4.1.2/../../../../avr/lib/avr5\libc.a(putchar.o)
                              nordic1_send.o (putchar)
c:/winavr-20070525/bin/../lib/gcc/avr/4.1.2/../../../../avr/lib/avr5\libc.a(vfprintf_std.o)
                              c:/winavr-20070525/bin/../lib/gcc/avr/4.1.2/../../../../avr/lib/avr5\libc.a(printf_p.o) (vfprintf)
c:/winavr-20070525/bin/../lib/gcc/avr/4.1.2/../../../../avr/lib/avr5\libc.a(strlen_P.o)
                              c:/winavr-20070525/bin/../lib/gcc/avr/4.1.2/../../../../avr/lib/avr5\libc.a(vfprintf_std.o) (strlen_P)
c:/winavr-20070525/bin/../lib/gcc/avr/4.1.2/../../../../avr/lib/avr5\libc.a(strnlen_P.o)
                              c:/winavr-20070525/bin/../lib/gcc/avr/4.1.2/../../../../avr/lib/avr5\libc.a(vfprintf_std.o) (strnlen_P)
c:/winavr-20070525/bin/../lib/gcc/avr/4.1.2/../../../../avr/lib/avr5\libc.a(strnlen.o)
                              c:/winavr-20070525/bin/../lib/gcc/avr/4.1.2/../../../../avr/lib/avr5\libc.a(vfprintf_std.o) (strnlen)
c:/winavr-20070525/bin/../lib/gcc/avr/4.1.2/../../../../avr/lib/avr5\libc.a(fputc.o)
                              c:/winavr-20070525/bin/../lib/gcc/avr/4.1.2/../../../../avr/lib/avr5\libc.a(putchar.o) (fputc)
c:/winavr-20070525/bin/../lib/gcc/avr/4.1.2/avr5\libgcc.a(_udivmodsi4.o)
                              c:/winavr-20070525/bin/../lib/gcc/avr/4.1.2/../../../../avr/lib/avr5\libc.a(vfprintf_std.o) (__udivmodsi4)

Allocating common symbols
Common symbol       size              file

__iob               0x6               c:/winavr-20070525/bin/../lib/gcc/avr/4.1.2/../../../../avr/lib/avr5\libc.a(iob.o)

Discarded input sections

 .stabstr       0x00000000        0x0 c:/winavr-20070525/bin/../lib/gcc/avr/4.1.2/../../../../avr/lib/avr5/crtm644.o

Memory Configuration

Name             Origin             Length             Attributes
text             0x00000000         0x00020000         xr
data             0x00800060         0x0000ffa0         rw !x
eeprom           0x00810000         0x00010000         rw !x
*default*        0x00000000         0xffffffff

Linker script and memory map

Address of section .data set to 0x800100
LOAD c:/winavr-20070525/bin/../lib/gcc/avr/4.1.2/../../../../avr/lib/avr5/crtm644.o
LOAD nordic1_send.o
LOAD usart0.o
LOAD spi1.o
LOAD nrf24l01.o
LOAD c:/winavr-20070525/bin/../lib/gcc/avr/4.1.2/avr5\libgcc.a
LOAD c:/winavr-20070525/bin/../lib/gcc/avr/4.1.2/../../../../avr/lib/avr5\libc.a
LOAD c:/winavr-20070525/bin/../lib/gcc/avr/4.1.2/avr5\libgcc.a

.hash
 *(.hash)

.dynsym
 *(.dynsym)

.dynstr
 *(.dynstr)

.gnu.version
 *(.gnu.version)

.gnu.version_d
 *(.gnu.version_d)

.gnu.version_r
 *(.gnu.version_r)

.rel.init
 *(.rel.init)

.rela.init
 *(.rela.init)

.rel.text
 *(.rel.text)
 *(.rel.text.*)
 *(.rel.gnu.linkonce.t*)

.rela.text
 *(.rela.text)
 *(.rela.text.*)
 *(.rela.gnu.linkonce.t*)

.rel.fini
 *(.rel.fini)

.rela.fini
 *(.rela.fini)

.rel.rodata
 *(.rel.rodata)
 *(.rel.rodata.*)
 *(.rel.gnu.linkonce.r*)

.rela.rodata
 *(.rela.rodata)
 *(.rela.rodata.*)
 *(.rela.gnu.linkonce.r*)

.rel.data
 *(.rel.data)
 *(.rel.data.*)
 *(.rel.gnu.linkonce.d*)

.rela.data
 *(.rela.data)
 *(.rela.data.*)
 *(.rela.gnu.linkonce.d*)

.rel.ctors
 *(.rel.ctors)

.rela.ctors
 *(.rela.ctors)

.rel.dtors
 *(.rel.dtors)

.rela.dtors
 *(.rela.dtors)

.rel.got
 *(.rel.got)

.rela.got
 *(.rela.got)

.rel.bss
 *(.rel.bss)

.rela.bss
 *(.rela.bss)

.rel.plt
 *(.rel.plt)

.rela.plt
 *(.rela.plt)

.text           0x00000000     0x1a76
 *(.vectors)
 .vectors       0x00000000       0x70 c:/winavr-20070525/bin/../lib/gcc/avr/4.1.2/../../../../avr/lib/avr5/crtm644.o
                0x00000000                __vectors
                0x00000000                __vector_default
 *(.vectors)
 *(.progmem.gcc*)
 *(.progmem*)
 .progmem.data  0x00000070       0x1a nordic1_send.o
                0x0000008a                . = ALIGN (0x2)
                0x0000008a                __trampolines_start = .
 *(.trampolines)
 .trampolines   0x0000008a        0x0 linker stubs
 *(.trampolines*)
                0x0000008a                __trampolines_end = .
 *(.jumptables)
 *(.jumptables*)
 *(.lowtext)
 *(.lowtext*)
                0x0000008a                __ctors_start = .
 *(.ctors)
                0x0000008a                __ctors_end = .
                0x0000008a                __dtors_start = .
 *(.dtors)
                0x0000008a                __dtors_end = .
 SORT(*)(.ctors)
 SORT(*)(.dtors)
 *(.init0)
 .init0         0x0000008a        0x0 c:/winavr-20070525/bin/../lib/gcc/avr/4.1.2/../../../../avr/lib/avr5/crtm644.o
                0x0000008a                __init
 *(.init0)
 *(.init1)
 *(.init1)
 *(.init2)
 .init2         0x0000008a        0xc c:/winavr-20070525/bin/../lib/gcc/avr/4.1.2/../../../../avr/lib/avr5/crtm644.o
 *(.init2)
 *(.init3)
 *(.init3)
 *(.init4)
 .init4         0x00000096       0x16 c:/winavr-20070525/bin/../lib/gcc/avr/4.1.2/avr5\libgcc.a(_copy_data.o)
                0x00000096                __do_copy_data
 .init4         0x000000ac       0x10 c:/winavr-20070525/bin/../lib/gcc/avr/4.1.2/avr5\libgcc.a(_clear_bss.o)
                0x000000ac                __do_clear_bss
 *(.init4)
 *(.init5)
 *(.init5)
 *(.init6)
 *(.init6)
 *(.init7)
 *(.init7)
 *(.init8)
 *(.init8)
 *(.init9)
 .init9         0x000000bc        0x8 c:/winavr-20070525/bin/../lib/gcc/avr/4.1.2/../../../../avr/lib/avr5/crtm644.o
 *(.init9)
 *(.text)
 .text          0x000000c4        0x4 c:/winavr-20070525/bin/../lib/gcc/avr/4.1.2/../../../../avr/lib/avr5/crtm644.o
                0x000000c4                __vector_22
                0x000000c4                __vector_1
                0x000000c4                __vector_24
                0x000000c4                __vector_12
                0x000000c4                __bad_interrupt
                0x000000c4                __vector_6
                0x000000c4                __vector_3
                0x000000c4                __vector_23
                0x000000c4                __vector_25
                0x000000c4                __vector_11
                0x000000c4                __vector_13
                0x000000c4                __vector_17
                0x000000c4                __vector_19
                0x000000c4                __vector_7
                0x000000c4                __vector_27
                0x000000c4                __vector_5
                0x000000c4                __vector_4
                0x000000c4                __vector_9
                0x000000c4                __vector_2
                0x000000c4                __vector_21
                0x000000c4                __vector_15
                0x000000c4                __vector_8
                0x000000c4                __vector_26
                0x000000c4                __vector_14
                0x000000c4                __vector_10
                0x000000c4                __vector_16
                0x000000c4                __vector_18
                0x000000c4                __vector_20
 .text          0x000000c8      0x130 nordic1_send.o
                0x000000c8                InitializeIO
                0x00000112                main
                0x000000d6                Initialize
 .text          0x000001f8       0x90 usart0.o
                0x00000238                usart0_get
                0x00000248                usart0_rx_data_ready
                0x00000218                usart0_put
                0x000001f8                usart0_open
                0x00000228                usart0_get_rx_data
                0x00000254                usart0_get_delay
 .text          0x00000288       0x5a spi1.o
                0x000002c2                spi1_read
                0x00000288                spi1_open
                0x000002d4                spi1_send_read_byte
 .text          0x000002e2     0x10b4 nrf24l01.o
                0x00000aa6                nrf24l01_irq_clear_all
                0x00000e52                nrf24l01_set_tx_addr
                0x000008f8                nrf24l01_get_observe_tx
                0x000004a0                nrf24l01_read_rx_payload
                0x00000458                nrf24l01_irq_rx_dr_active
                0x00000306                nrf24l01_ce_pin_active
                0x00000f22                nrf24l01_power_down_param
                0x00000d3a                nrf24l01_clear_plos_cnt
                0x00000aee                nrf24l01_rx_pipe_disable
                0x00000348                nrf24l01_get_rx_pipe_from_status
                0x00000df8                nrf24l01_set_rx_pw
                0x00000932                nrf24l01_get_rf_ch
                0x000004d0                nrf24l01_write_tx_payload
                0x00001016                nrf24l01_set_as_tx_param
                0x00000a6c                nrf24l01_irq_clear_rx_dr
                0x00000502                nrf24l01_get_all_registers
                0x000002e6                nrf24l01_rx_active_to_standby
                0x000007c4                nrf24l01_rx_pipe_enabled
                0x000002e2                nrf24l01_clear_ce
                0x00000440                nrf24l01_irq_max_rt_active
                0x000002f0                nrf24l01_transmit
                0x00000696                nrf24l01_fifo_tx_empty
                0x000002ec                nrf24l01_set_ce
                0x0000087c                nrf24l01_get_arc_cnt
                0x00000d02                nrf24l01_clear_plos_cnt_param
                0x0000048c                nrf24l01_flush_tx
                0x00000bf8                nrf24l01_aa_disable
                0x000008ba                nrf24l01_get_plos_cnt
                0x00001042                nrf24l01_power_up
                0x00000d86                nrf24l01_set_rf_ch
                0x000009f8                nrf24l01_irq_clear_max_rt
                0x0000042c                nrf24l01_get_status
                0x00000320                nrf24l01_set_csn
                0x00001106                nrf24l01_initialize
                0x00000eb8                nrf24l01_set_as_rx
                0x000010b8                nrf24l01_initialize_debug_lite
                0x00000354                nrf24l01_spi_send_read
                0x00000b74                nrf24l01_rx_pipe_enable
                0x00000820                nrf24l01_aa_enabled
                0x00000a32                nrf24l01_irq_clear_tx_ds
                0x00001316                nrf24l01_initialize_debug
                0x00000dc0                nrf24l01_set_config
                0x00000e5e                nrf24l01_set_as_tx
                0x00000f60                nrf24l01_power_down
                0x0000096c                nrf24l01_get_config
                0x000004f6                nrf24l01_read_register
                0x00000712                nrf24l01_fifo_tx_reuse
                0x0000031c                nrf24l01_clear_csn
                0x00000434                nrf24l01_get_rx_pipe
                0x0000061a                nrf24l01_fifo_rx_empty
                0x00000418                nrf24l01_nop
                0x000006d4                nrf24l01_fifo_tx_full
                0x0000044c                nrf24l01_irq_tx_ds_active
                0x00000750                nrf24l01_get_fifo_status
                0x00000ae0                nrf24l01_clear_flush
                0x0000078a                nrf24l01_cd_active
                0x000003ac                nrf24l01_execute_command
                0x000009a6                nrf24l01_get_rx_pw
                0x0000033a                nrf24l01_irq_pin_active
                0x0000102e                nrf24l01_set_as_rx_param
                0x00000e3c                nrf24l01_set_rx_addr
                0x00000478                nrf24l01_flush_rx
                0x00000300                nrf24l01_rx_standby_to_active
                0x00000658                nrf24l01_fifo_rx_full
                0x00000c7e                nrf24l01_aa_enable
                0x00000fba                nrf24l01_power_up_param
                0x00000464                nrf24l01_reuse_tx_pl
                0x000009ea                nrf24l01_write_register
                0x00000324                nrf24l01_csn_pin_active
 .text          0x00001396        0x0 c:/winavr-20070525/bin/../lib/gcc/avr/4.1.2/avr5\libgcc.a(_exit.o)
 .text          0x00001396        0x0 c:/winavr-20070525/bin/../lib/gcc/avr/4.1.2/avr5\libgcc.a(_copy_data.o)
 .text          0x00001396        0x0 c:/winavr-20070525/bin/../lib/gcc/avr/4.1.2/avr5\libgcc.a(_clear_bss.o)
 .text          0x00001396        0x0 c:/winavr-20070525/bin/../lib/gcc/avr/4.1.2/../../../../avr/lib/avr5\libc.a(iob.o)
 .text          0x00001396       0x5e c:/winavr-20070525/bin/../lib/gcc/avr/4.1.2/../../../../avr/lib/avr5\libc.a(printf_p.o)
                0x00001396                printf_P
 .text          0x000013f4        0xe c:/winavr-20070525/bin/../lib/gcc/avr/4.1.2/../../../../avr/lib/avr5\libc.a(putchar.o)
                0x000013f4                putchar
 .text          0x00001402      0x596 c:/winavr-20070525/bin/../lib/gcc/avr/4.1.2/../../../../avr/lib/avr5\libc.a(vfprintf_std.o)
                0x00001402                vfprintf
 .text          0x00001998       0x12 c:/winavr-20070525/bin/../lib/gcc/avr/4.1.2/../../../../avr/lib/avr5\libc.a(strlen_P.o)
                0x00001998                strlen_P
 .text          0x000019aa       0x16 c:/winavr-20070525/bin/../lib/gcc/avr/4.1.2/../../../../avr/lib/avr5\libc.a(strnlen_P.o)
                0x000019aa                strnlen_P
 .text          0x000019c0       0x16 c:/winavr-20070525/bin/../lib/gcc/avr/4.1.2/../../../../avr/lib/avr5\libc.a(strnlen.o)
                0x000019c0                strnlen
 .text          0x000019d6       0x5a c:/winavr-20070525/bin/../lib/gcc/avr/4.1.2/../../../../avr/lib/avr5\libc.a(fputc.o)
                0x000019d6                fputc
 .text          0x00001a30        0x0 c:/winavr-20070525/bin/../lib/gcc/avr/4.1.2/avr5\libgcc.a(_udivmodsi4.o)
                0x00001a30                . = ALIGN (0x2)
 *(.text.*)
 .text.libgcc   0x00001a30        0x0 c:/winavr-20070525/bin/../lib/gcc/avr/4.1.2/avr5\libgcc.a(_exit.o)
 .text.libgcc   0x00001a30        0x0 c:/winavr-20070525/bin/../lib/gcc/avr/4.1.2/avr5\libgcc.a(_copy_data.o)
 .text.libgcc   0x00001a30        0x0 c:/winavr-20070525/bin/../lib/gcc/avr/4.1.2/avr5\libgcc.a(_clear_bss.o)
 .text.libgcc   0x00001a30       0x44 c:/winavr-20070525/bin/../lib/gcc/avr/4.1.2/avr5\libgcc.a(_udivmodsi4.o)
                0x00001a30                __udivmodsi4
                0x00001a74                . = ALIGN (0x2)
 *(.fini9)
 .fini9         0x00001a74        0x0 c:/winavr-20070525/bin/../lib/gcc/avr/4.1.2/avr5\libgcc.a(_exit.o)
                0x00001a74                exit
                0x00001a74                _exit
 *(.fini9)
 *(.fini8)
 *(.fini8)
 *(.fini7)
 *(.fini7)
 *(.fini6)
 *(.fini6)
 *(.fini5)
 *(.fini5)
 *(.fini4)
 *(.fini4)
 *(.fini3)
 *(.fini3)
 *(.fini2)
 *(.fini2)
 *(.fini1)
 *(.fini1)
 *(.fini0)
 .fini0         0x00001a74        0x2 c:/winavr-20070525/bin/../lib/gcc/avr/4.1.2/avr5\libgcc.a(_exit.o)
 *(.fini0)
                0x00001a76                _etext = .

.data           0x00800100        0xe load address 0x00001a76
                0x00800100                PROVIDE (__data_start, .)
 *(.data)
 .data          0x00800100        0x0 c:/winavr-20070525/bin/../lib/gcc/avr/4.1.2/../../../../avr/lib/avr5/crtm644.o
 .data          0x00800100        0xe nordic1_send.o
 .data          0x0080010e        0x0 usart0.o
 .data          0x0080010e        0x0 spi1.o
 .data          0x0080010e        0x0 nrf24l01.o
 .data          0x0080010e        0x0 c:/winavr-20070525/bin/../lib/gcc/avr/4.1.2/avr5\libgcc.a(_exit.o)
 .data          0x0080010e        0x0 c:/winavr-20070525/bin/../lib/gcc/avr/4.1.2/avr5\libgcc.a(_copy_data.o)
 .data          0x0080010e        0x0 c:/winavr-20070525/bin/../lib/gcc/avr/4.1.2/avr5\libgcc.a(_clear_bss.o)
 .data          0x0080010e        0x0 c:/winavr-20070525/bin/../lib/gcc/avr/4.1.2/../../../../avr/lib/avr5\libc.a(iob.o)
 .data          0x0080010e        0x0 c:/winavr-20070525/bin/../lib/gcc/avr/4.1.2/../../../../avr/lib/avr5\libc.a(printf_p.o)
 .data          0x0080010e        0x0 c:/winavr-20070525/bin/../lib/gcc/avr/4.1.2/../../../../avr/lib/avr5\libc.a(putchar.o)
 .data          0x0080010e        0x0 c:/winavr-20070525/bin/../lib/gcc/avr/4.1.2/../../../../avr/lib/avr5\libc.a(vfprintf_std.o)
 .data          0x0080010e        0x0 c:/winavr-20070525/bin/../lib/gcc/avr/4.1.2/../../../../avr/lib/avr5\libc.a(strlen_P.o)
 .data          0x0080010e        0x0 c:/winavr-20070525/bin/../lib/gcc/avr/4.1.2/../../../../avr/lib/avr5\libc.a(strnlen_P.o)
 .data          0x0080010e        0x0 c:/winavr-20070525/bin/../lib/gcc/avr/4.1.2/../../../../avr/lib/avr5\libc.a(strnlen.o)
 .data          0x0080010e        0x0 c:/winavr-20070525/bin/../lib/gcc/avr/4.1.2/../../../../avr/lib/avr5\libc.a(fputc.o)
 .data          0x0080010e        0x0 c:/winavr-20070525/bin/../lib/gcc/avr/4.1.2/avr5\libgcc.a(_udivmodsi4.o)
 *(.data*)
 *(.rodata)
 *(.rodata*)
 *(.gnu.linkonce.d*)
                0x0080010e                . = ALIGN (0x2)
                0x0080010e                _edata = .
                0x0080010e                PROVIDE (__data_end, .)

.bss            0x0080010e        0x6
                0x0080010e                PROVIDE (__bss_start, .)
 *(.bss)
 .bss           0x0080010e        0x0 c:/winavr-20070525/bin/../lib/gcc/avr/4.1.2/../../../../avr/lib/avr5/crtm644.o
 .bss           0x0080010e        0x0 nordic1_send.o
 .bss           0x0080010e        0x0 usart0.o
 .bss           0x0080010e        0x0 spi1.o
 .bss           0x0080010e        0x0 nrf24l01.o
 .bss           0x0080010e        0x0 c:/winavr-20070525/bin/../lib/gcc/avr/4.1.2/avr5\libgcc.a(_exit.o)
 .bss           0x0080010e        0x0 c:/winavr-20070525/bin/../lib/gcc/avr/4.1.2/avr5\libgcc.a(_copy_data.o)
 .bss           0x0080010e        0x0 c:/winavr-20070525/bin/../lib/gcc/avr/4.1.2/avr5\libgcc.a(_clear_bss.o)
 .bss           0x0080010e        0x0 c:/winavr-20070525/bin/../lib/gcc/avr/4.1.2/../../../../avr/lib/avr5\libc.a(iob.o)
 .bss           0x0080010e        0x0 c:/winavr-20070525/bin/../lib/gcc/avr/4.1.2/../../../../avr/lib/avr5\libc.a(printf_p.o)
 .bss           0x0080010e        0x0 c:/winavr-20070525/bin/../lib/gcc/avr/4.1.2/../../../../avr/lib/avr5\libc.a(putchar.o)
 .bss           0x0080010e        0x0 c:/winavr-20070525/bin/../lib/gcc/avr/4.1.2/../../../../avr/lib/avr5\libc.a(vfprintf_std.o)
 .bss           0x0080010e        0x0 c:/winavr-20070525/bin/../lib/gcc/avr/4.1.2/../../../../avr/lib/avr5\libc.a(strlen_P.o)
 .bss           0x0080010e        0x0 c:/winavr-20070525/bin/../lib/gcc/avr/4.1.2/../../../../avr/lib/avr5\libc.a(strnlen_P.o)
 .bss           0x0080010e        0x0 c:/winavr-20070525/bin/../lib/gcc/avr/4.1.2/../../../../avr/lib/avr5\libc.a(strnlen.o)
 .bss           0x0080010e        0x0 c:/winavr-20070525/bin/../lib/gcc/avr/4.1.2/../../../../avr/lib/avr5\libc.a(fputc.o)
 .bss           0x0080010e        0x0 c:/winavr-20070525/bin/../lib/gcc/avr/4.1.2/avr5\libgcc.a(_udivmodsi4.o)
 *(.bss*)
 *(COMMON)
 COMMON         0x0080010e        0x6 c:/winavr-20070525/bin/../lib/gcc/avr/4.1.2/../../../../avr/lib/avr5\libc.a(iob.o)
                0x0080010e                __iob
                0x00800114                PROVIDE (__bss_end, .)
                0x00001a76                __data_load_start = LOADADDR (.data)
                0x00001a84                __data_load_end = (__data_load_start + SIZEOF (.data))

.noinit         0x00800114        0x0
                0x00800114                PROVIDE (__noinit_start, .)
 *(.noinit*)
                0x00800114                PROVIDE (__noinit_end, .)
                0x00800114                _end = .
                0x00800114                PROVIDE (__heap_start, .)

.eeprom         0x00810000        0x0
 *(.eeprom*)
                0x00810000                __eeprom_end = .

.stab           0x00000000      0x378
 *(.stab)
 .stab          0x00000000      0x378 c:/winavr-20070525/bin/../lib/gcc/avr/4.1.2/../../../../avr/lib/avr5/crtm644.o

.stabstr        0x00000000       0x71
 *(.stabstr)
 .stabstr       0x00000000       0x71 c:/winavr-20070525/bin/../lib/gcc/avr/4.1.2/../../../../avr/lib/avr5/crtm644.o

.stab.excl
 *(.stab.excl)

.stab.exclstr
 *(.stab.exclstr)

.stab.index
 *(.stab.index)

.stab.indexstr
 *(.stab.indexstr)

.comment
 *(.comment)

.debug
 *(.debug)

.line
 *(.line)

.debug_srcinfo
 *(.debug_srcinfo)

.debug_sfnames
 *(.debug_sfnames)

.debug_aranges  0x00000000       0x80
 *(.debug_aranges)
 .debug_aranges
                0x00000000       0x20 nordic1_send.o
 .debug_aranges
                0x00000020       0x20 usart0.o
 .debug_aranges
                0x00000040       0x20 spi1.o
 .debug_aranges
                0x00000060       0x20 nrf24l01.o

.debug_pubnames
                0x00000000      0x841
 *(.debug_pubnames)
 .debug_pubnames
                0x00000000       0x3b nordic1_send.o
 .debug_pubnames
                0x0000003b       0x85 usart0.o
 .debug_pubnames
                0x000000c0       0x46 spi1.o
 .debug_pubnames
                0x00000106      0x73b nrf24l01.o

.debug_info     0x00000000     0x157a
 *(.debug_info)
 .debug_info    0x00000000      0x3f0 nordic1_send.o
 .debug_info    0x000003f0      0x127 usart0.o
 .debug_info    0x00000517       0xd0 spi1.o
 .debug_info    0x000005e7      0xf93 nrf24l01.o
 *(.gnu.linkonce.wi.*)

.debug_abbrev   0x00000000      0x4f4
 *(.debug_abbrev)
 .debug_abbrev  0x00000000      0x1c4 nordic1_send.o
 .debug_abbrev  0x000001c4       0xc2 usart0.o
 .debug_abbrev  0x00000286       0x92 spi1.o
 .debug_abbrev  0x00000318      0x1dc nrf24l01.o

.debug_line     0x00000000     0x10e8
 *(.debug_line)
 .debug_line    0x00000000      0x26e nordic1_send.o
 .debug_line    0x0000026e      0x172 usart0.o
 .debug_line    0x000003e0      0x110 spi1.o
 .debug_line    0x000004f0      0xbf8 nrf24l01.o

.debug_frame    0x00000000      0x570
 *(.debug_frame)
 .debug_frame   0x00000000       0x60 nordic1_send.o
 .debug_frame   0x00000060       0x70 usart0.o
 .debug_frame   0x000000d0       0x40 spi1.o
 .debug_frame   0x00000110      0x460 nrf24l01.o

.debug_str      0x00000000      0x961
 *(.debug_str)
 .debug_str     0x00000000      0x152 nordic1_send.o
                                0x1bc (size before relaxing)
 .debug_str     0x00000152       0x71 usart0.o
                                0x140 (size before relaxing)
 .debug_str     0x000001c3       0x38 spi1.o
                                 0xf8 (size before relaxing)
 .debug_str     0x000001fb      0x766 nrf24l01.o
                                0x8a2 (size before relaxing)

.debug_loc      0x00000000      0xcab
 *(.debug_loc)
 .debug_loc     0x00000000       0xaa nordic1_send.o
 .debug_loc     0x000000aa       0x46 usart0.o
 .debug_loc     0x000000f0       0x13 spi1.o
 .debug_loc     0x00000103      0xba8 nrf24l01.o

.debug_macinfo
 *(.debug_macinfo)
OUTPUT(nordic1_send.elf elf32-avr)
LOAD linker stubs
