Archive member included because of file (symbol)

c:/winavr-20080610/bin/../lib/gcc/avr/4.3.0/avr5\libgcc.a(_exit.o)
                              c:/winavr-20080610/bin/../lib/gcc/avr/4.3.0/../../../../avr/lib/avr5/crtm16.o (exit)
c:/winavr-20080610/bin/../lib/gcc/avr/4.3.0/avr5\libgcc.a(_copy_data.o)
                              fencetime.o (__do_copy_data)
c:/winavr-20080610/bin/../lib/gcc/avr/4.3.0/avr5\libgcc.a(_clear_bss.o)
                              fencetime.o (__do_clear_bss)

Allocating common symbols
Common symbol       size              file

t                   0x4               fencetime.o
mask                0x8               fencetime.o
turn                0x1               fencetime.o
green_score         0x2               fencetime.o
oldskey             0x1               fencetime.o
mode                0x1               fencetime.o
dsp                 0x8               fencetime.o
timer_save          0x1               fencetime.o
red_score           0x2               fencetime.o
oldkey              0x1               fencetime.o
oldkeycount         0x1               fencetime.o
maxround            0x1               fencetime.o
round_no            0x1               fencetime.o
oldskeycount        0x1               fencetime.o

Memory Configuration

Name             Origin             Length             Attributes
text             0x00000000         0x00020000         xr
data             0x00800060         0x0000ffa0         rw !x
eeprom           0x00810000         0x00010000         rw !x
fuse             0x00820000         0x00000400         rw !x
lock             0x00830000         0x00000400         rw !x
signature        0x00840000         0x00000400         rw !x
*default*        0x00000000         0xffffffff

Linker script and memory map

LOAD c:/winavr-20080610/bin/../lib/gcc/avr/4.3.0/../../../../avr/lib/avr5/crtm16.o
LOAD fencetime.o
LOAD c:/winavr-20080610/bin/../lib/gcc/avr/4.3.0/avr5\libgcc.a
LOAD c:/winavr-20080610/bin/../lib/gcc/avr/4.3.0/../../../../avr/lib/avr5\libc.a
LOAD c:/winavr-20080610/bin/../lib/gcc/avr/4.3.0/avr5\libgcc.a

.hash
 *(.hash)

.dynsym
 *(.dynsym)

.dynstr
 *(.dynstr)

.gnu.version
 *(.gnu.version)

.gnu.version_d
 *(.gnu.version_d)

.gnu.version_r
 *(.gnu.version_r)

.rel.init
 *(.rel.init)

.rela.init
 *(.rela.init)

.rel.text
 *(.rel.text)
 *(.rel.text.*)
 *(.rel.gnu.linkonce.t*)

.rela.text
 *(.rela.text)
 *(.rela.text.*)
 *(.rela.gnu.linkonce.t*)

.rel.fini
 *(.rel.fini)

.rela.fini
 *(.rela.fini)

.rel.rodata
 *(.rel.rodata)
 *(.rel.rodata.*)
 *(.rel.gnu.linkonce.r*)

.rela.rodata
 *(.rela.rodata)
 *(.rela.rodata.*)
 *(.rela.gnu.linkonce.r*)

.rel.data
 *(.rel.data)
 *(.rel.data.*)
 *(.rel.gnu.linkonce.d*)

.rela.data
 *(.rela.data)
 *(.rela.data.*)
 *(.rela.gnu.linkonce.d*)

.rel.ctors
 *(.rel.ctors)

.rela.ctors
 *(.rela.ctors)

.rel.dtors
 *(.rel.dtors)

.rela.dtors
 *(.rela.dtors)

.rel.got
 *(.rel.got)

.rela.got
 *(.rela.got)

.rel.bss
 *(.rel.bss)

.rela.bss
 *(.rela.bss)

.rel.plt
 *(.rel.plt)

.rela.plt
 *(.rela.plt)

.text           0x00000000      0x7b6
 *(.vectors)
 .vectors       0x00000000       0x54 c:/winavr-20080610/bin/../lib/gcc/avr/4.3.0/../../../../avr/lib/avr5/crtm16.o
                0x00000000                __vectors
                0x00000000                __vector_default
 *(.vectors)
 *(.progmem.gcc*)
 *(.progmem*)
 .progmem.data  0x00000054       0x10 fencetime.o
                0x00000054                digit
                0x00000064                . = ALIGN (0x2)
                0x00000064                __trampolines_start = .
 *(.trampolines)
 .trampolines   0x00000064        0x0 linker stubs
 *(.trampolines*)
                0x00000064                __trampolines_end = .
 *(.jumptables)
 *(.jumptables*)
 *(.lowtext)
 *(.lowtext*)
                0x00000064                __ctors_start = .
 *(.ctors)
                0x00000064                __ctors_end = .
                0x00000064                __dtors_start = .
 *(.dtors)
                0x00000064                __dtors_end = .
 SORT(*)(.ctors)
 SORT(*)(.dtors)
 *(.init0)
 .init0         0x00000064        0x0 c:/winavr-20080610/bin/../lib/gcc/avr/4.3.0/../../../../avr/lib/avr5/crtm16.o
                0x00000064                __init
 *(.init0)
 *(.init1)
 *(.init1)
 *(.init2)
 .init2         0x00000064        0xc c:/winavr-20080610/bin/../lib/gcc/avr/4.3.0/../../../../avr/lib/avr5/crtm16.o
 *(.init2)
 *(.init3)
 *(.init3)
 *(.init4)
 .init4         0x00000070       0x16 c:/winavr-20080610/bin/../lib/gcc/avr/4.3.0/avr5\libgcc.a(_copy_data.o)
                0x00000070                __do_copy_data
 .init4         0x00000086       0x10 c:/winavr-20080610/bin/../lib/gcc/avr/4.3.0/avr5\libgcc.a(_clear_bss.o)
                0x00000086                __do_clear_bss
 *(.init4)
 *(.init5)
 *(.init5)
 *(.init6)
 *(.init6)
 *(.init7)
 *(.init7)
 *(.init8)
 *(.init8)
 *(.init9)
 .init9         0x00000096        0x8 c:/winavr-20080610/bin/../lib/gcc/avr/4.3.0/../../../../avr/lib/avr5/crtm16.o
 *(.init9)
 *(.text)
 .text          0x0000009e        0x4 c:/winavr-20080610/bin/../lib/gcc/avr/4.3.0/../../../../avr/lib/avr5/crtm16.o
                0x0000009e                __vector_1
                0x0000009e                __vector_12
                0x0000009e                __bad_interrupt
                0x0000009e                __vector_6
                0x0000009e                __vector_11
                0x0000009e                __vector_13
                0x0000009e                __vector_17
                0x0000009e                __vector_19
                0x0000009e                __vector_7
                0x0000009e                __vector_5
                0x0000009e                __vector_4
                0x0000009e                __vector_9
                0x0000009e                __vector_2
                0x0000009e                __vector_15
                0x0000009e                __vector_8
                0x0000009e                __vector_14
                0x0000009e                __vector_10
                0x0000009e                __vector_16
                0x0000009e                __vector_18
                0x0000009e                __vector_20
 .text          0x000000a2      0x710 fencetime.o
                0x0000044a                reset
                0x000001fe                __vector_3
                0x0000035c                skeypadscan
                0x00000118                display
                0x0000029e                keypadscan
                0x0000040a                increment_score
                0x000004a0                keypad
                0x00000314                keyscan
                0x000000e6                init
                0x00000760                main
                0x0000042a                decrement_score
                0x000000a2                init_io
                0x000000b8                init_rtc
                0x00000394                skeyscan
 .text          0x000007b2        0x0 c:/winavr-20080610/bin/../lib/gcc/avr/4.3.0/avr5\libgcc.a(_exit.o)
 .text          0x000007b2        0x0 c:/winavr-20080610/bin/../lib/gcc/avr/4.3.0/avr5\libgcc.a(_copy_data.o)
 .text          0x000007b2        0x0 c:/winavr-20080610/bin/../lib/gcc/avr/4.3.0/avr5\libgcc.a(_clear_bss.o)
                0x000007b2                . = ALIGN (0x2)
 *(.text.*)
 .text.libgcc   0x000007b2        0x0 c:/winavr-20080610/bin/../lib/gcc/avr/4.3.0/avr5\libgcc.a(_exit.o)
 .text.libgcc   0x000007b2        0x0 c:/winavr-20080610/bin/../lib/gcc/avr/4.3.0/avr5\libgcc.a(_copy_data.o)
 .text.libgcc   0x000007b2        0x0 c:/winavr-20080610/bin/../lib/gcc/avr/4.3.0/avr5\libgcc.a(_clear_bss.o)
                0x000007b2                . = ALIGN (0x2)
 *(.fini9)
 .fini9         0x000007b2        0x0 c:/winavr-20080610/bin/../lib/gcc/avr/4.3.0/avr5\libgcc.a(_exit.o)
                0x000007b2                exit
                0x000007b2                _exit
 *(.fini9)
 *(.fini8)
 *(.fini8)
 *(.fini7)
 *(.fini7)
 *(.fini6)
 *(.fini6)
 *(.fini5)
 *(.fini5)
 *(.fini4)
 *(.fini4)
 *(.fini3)
 *(.fini3)
 *(.fini2)
 *(.fini2)
 *(.fini1)
 *(.fini1)
 *(.fini0)
 .fini0         0x000007b2        0x4 c:/winavr-20080610/bin/../lib/gcc/avr/4.3.0/avr5\libgcc.a(_exit.o)
 *(.fini0)
                0x000007b6                _etext = .

.data           0x00800060        0x2 load address 0x000007b6
                0x00800060                PROVIDE (__data_start, .)
 *(.data)
 .data          0x00800060        0x0 c:/winavr-20080610/bin/../lib/gcc/avr/4.3.0/../../../../avr/lib/avr5/crtm16.o
 .data          0x00800060        0x1 fencetime.o
                0x00800060                maxmin
 .data          0x00800061        0x0 c:/winavr-20080610/bin/../lib/gcc/avr/4.3.0/avr5\libgcc.a(_exit.o)
 .data          0x00800061        0x0 c:/winavr-20080610/bin/../lib/gcc/avr/4.3.0/avr5\libgcc.a(_copy_data.o)
 .data          0x00800061        0x0 c:/winavr-20080610/bin/../lib/gcc/avr/4.3.0/avr5\libgcc.a(_clear_bss.o)
 *(.data*)
 *(.rodata)
 *(.rodata*)
 *(.gnu.linkonce.d*)
                0x00800062                . = ALIGN (0x2)
 *fill*         0x00800061        0x1 00
                0x00800062                _edata = .
                0x00800062                PROVIDE (__data_end, .)

.bss            0x00800062       0x23 load address 0x000007b8
                0x00800062                PROVIDE (__bss_start, .)
 *(.bss)
 .bss           0x00800062        0x0 c:/winavr-20080610/bin/../lib/gcc/avr/4.3.0/../../../../avr/lib/avr5/crtm16.o
 .bss           0x00800062        0x2 fencetime.o
                0x00800062                timer_on
                0x00800063                round_done
 .bss           0x00800064        0x0 c:/winavr-20080610/bin/../lib/gcc/avr/4.3.0/avr5\libgcc.a(_exit.o)
 .bss           0x00800064        0x0 c:/winavr-20080610/bin/../lib/gcc/avr/4.3.0/avr5\libgcc.a(_copy_data.o)
 .bss           0x00800064        0x0 c:/winavr-20080610/bin/../lib/gcc/avr/4.3.0/avr5\libgcc.a(_clear_bss.o)
 *(.bss*)
 *(COMMON)
 COMMON         0x00800064       0x21 fencetime.o
                0x00800064                t
                0x00800068                mask
                0x00800070                turn
                0x00800071                green_score
                0x00800073                oldskey
                0x00800074                mode
                0x00800075                dsp
                0x0080007d                timer_save
                0x0080007e                red_score
                0x00800080                oldkey
                0x00800081                oldkeycount
                0x00800082                maxround
                0x00800083                round_no
                0x00800084                oldskeycount
                0x00800085                PROVIDE (__bss_end, .)
                0x000007b6                __data_load_start = LOADADDR (.data)
                0x000007b8                __data_load_end = (__data_load_start + SIZEOF (.data))

.noinit         0x00800085        0x0
                0x00800085                PROVIDE (__noinit_start, .)
 *(.noinit*)
                0x00800085                PROVIDE (__noinit_end, .)
                0x00800085                _end = .
                0x00800085                PROVIDE (__heap_start, .)

.eeprom         0x00810000        0x0
 *(.eeprom*)
                0x00810000                __eeprom_end = .

.fuse
 *(.fuse)
 *(.lfuse)
 *(.hfuse)
 *(.efuse)

.lock
 *(.lock*)

.signature
 *(.signature*)

.stab
 *(.stab)

.stabstr
 *(.stabstr)

.stab.excl
 *(.stab.excl)

.stab.exclstr
 *(.stab.exclstr)

.stab.index
 *(.stab.index)

.stab.indexstr
 *(.stab.indexstr)

.comment
 *(.comment)

.debug
 *(.debug)

.line
 *(.line)

.debug_srcinfo
 *(.debug_srcinfo)

.debug_sfnames
 *(.debug_sfnames)

.debug_aranges  0x00000000       0x20
 *(.debug_aranges)
 .debug_aranges
                0x00000000       0x20 fencetime.o

.debug_pubnames
                0x00000000      0x1a6
 *(.debug_pubnames)
 .debug_pubnames
                0x00000000      0x1a6 fencetime.o

.debug_info     0x00000000      0x800
 *(.debug_info)
 .debug_info    0x00000000      0x800 fencetime.o
 *(.gnu.linkonce.wi.*)

.debug_abbrev   0x00000000      0x295
 *(.debug_abbrev)
 .debug_abbrev  0x00000000      0x295 fencetime.o

.debug_line     0x00000000      0x88f
 *(.debug_line)
 .debug_line    0x00000000      0x88f fencetime.o

.debug_frame    0x00000000       0xf0
 *(.debug_frame)
 .debug_frame   0x00000000       0xf0 fencetime.o

.debug_str      0x00000000      0x21a
 *(.debug_str)
 .debug_str     0x00000000      0x21a fencetime.o
                                0x273 (size before relaxing)

.debug_loc      0x00000000      0x358
 *(.debug_loc)
 .debug_loc     0x00000000      0x358 fencetime.o

.debug_macinfo
 *(.debug_macinfo)
OUTPUT(fencetime.elf elf32-avr)
LOAD linker stubs
