Archive member included because of file (symbol)

c:/winavr-20070525/bin/../lib/gcc/avr/4.1.2/avr5\libgcc.a(_exit.o)
                              c:/winavr-20070525/bin/../lib/gcc/avr/4.1.2/../../../../avr/lib/avr5/crtm644.o (exit)
c:/winavr-20070525/bin/../lib/gcc/avr/4.1.2/avr5\libgcc.a(_copy_data.o)
                              tutorial2local.o (__do_copy_data)
c:/winavr-20070525/bin/../lib/gcc/avr/4.1.2/avr5\libgcc.a(_clear_bss.o)
                              tutorial2local.o (__do_clear_bss)
c:/winavr-20070525/bin/../lib/gcc/avr/4.1.2/../../../../avr/lib/avr5\libc.a(fgetc.o)
                              tutorial2local.o (fgetc)
c:/winavr-20070525/bin/../lib/gcc/avr/4.1.2/../../../../avr/lib/avr5\libc.a(iob.o)
                              tutorial2local.o (__iob)
c:/winavr-20070525/bin/../lib/gcc/avr/4.1.2/../../../../avr/lib/avr5\libc.a(printf_p.o)
                              tutorial2local.o (printf_P)
c:/winavr-20070525/bin/../lib/gcc/avr/4.1.2/../../../../avr/lib/avr5\libc.a(putchar.o)
                              tutorial2local.o (putchar)
c:/winavr-20070525/bin/../lib/gcc/avr/4.1.2/../../../../avr/lib/avr5\libc.a(vfprintf_std.o)
                              c:/winavr-20070525/bin/../lib/gcc/avr/4.1.2/../../../../avr/lib/avr5\libc.a(printf_p.o) (vfprintf)
c:/winavr-20070525/bin/../lib/gcc/avr/4.1.2/../../../../avr/lib/avr5\libc.a(strlen_P.o)
                              c:/winavr-20070525/bin/../lib/gcc/avr/4.1.2/../../../../avr/lib/avr5\libc.a(vfprintf_std.o) (strlen_P)
c:/winavr-20070525/bin/../lib/gcc/avr/4.1.2/../../../../avr/lib/avr5\libc.a(strnlen_P.o)
                              c:/winavr-20070525/bin/../lib/gcc/avr/4.1.2/../../../../avr/lib/avr5\libc.a(vfprintf_std.o) (strnlen_P)
c:/winavr-20070525/bin/../lib/gcc/avr/4.1.2/../../../../avr/lib/avr5\libc.a(strnlen.o)
                              c:/winavr-20070525/bin/../lib/gcc/avr/4.1.2/../../../../avr/lib/avr5\libc.a(vfprintf_std.o) (strnlen)
c:/winavr-20070525/bin/../lib/gcc/avr/4.1.2/../../../../avr/lib/avr5\libc.a(fputc.o)
                              c:/winavr-20070525/bin/../lib/gcc/avr/4.1.2/../../../../avr/lib/avr5\libc.a(putchar.o) (fputc)
c:/winavr-20070525/bin/../lib/gcc/avr/4.1.2/avr5\libgcc.a(_udivmodsi4.o)
                              c:/winavr-20070525/bin/../lib/gcc/avr/4.1.2/../../../../avr/lib/avr5\libc.a(vfprintf_std.o) (__udivmodsi4)

Allocating common symbols
Common symbol       size              file

__iob               0x6               c:/winavr-20070525/bin/../lib/gcc/avr/4.1.2/../../../../avr/lib/avr5\libc.a(iob.o)

Discarded input sections

 .stabstr       0x00000000        0x0 c:/winavr-20070525/bin/../lib/gcc/avr/4.1.2/../../../../avr/lib/avr5/crtm644.o

Memory Configuration

Name             Origin             Length             Attributes
text             0x00000000         0x00020000         xr
data             0x00800060         0x0000ffa0         rw !x
eeprom           0x00810000         0x00010000         rw !x
*default*        0x00000000         0xffffffff

Linker script and memory map

Address of section .data set to 0x800100
LOAD c:/winavr-20070525/bin/../lib/gcc/avr/4.1.2/../../../../avr/lib/avr5/crtm644.o
LOAD tutorial2local.o
LOAD spi1.o
LOAD nrf24l01.o
LOAD usart0.o
LOAD c:/winavr-20070525/bin/../lib/gcc/avr/4.1.2/avr5\libgcc.a
LOAD c:/winavr-20070525/bin/../lib/gcc/avr/4.1.2/../../../../avr/lib/avr5\libc.a
LOAD c:/winavr-20070525/bin/../lib/gcc/avr/4.1.2/avr5\libgcc.a

.hash
 *(.hash)

.dynsym
 *(.dynsym)

.dynstr
 *(.dynstr)

.gnu.version
 *(.gnu.version)

.gnu.version_d
 *(.gnu.version_d)

.gnu.version_r
 *(.gnu.version_r)

.rel.init
 *(.rel.init)

.rela.init
 *(.rela.init)

.rel.text
 *(.rel.text)
 *(.rel.text.*)
 *(.rel.gnu.linkonce.t*)

.rela.text
 *(.rela.text)
 *(.rela.text.*)
 *(.rela.gnu.linkonce.t*)

.rel.fini
 *(.rel.fini)

.rela.fini
 *(.rela.fini)

.rel.rodata
 *(.rel.rodata)
 *(.rel.rodata.*)
 *(.rel.gnu.linkonce.r*)

.rela.rodata
 *(.rela.rodata)
 *(.rela.rodata.*)
 *(.rela.gnu.linkonce.r*)

.rel.data
 *(.rel.data)
 *(.rel.data.*)
 *(.rel.gnu.linkonce.d*)

.rela.data
 *(.rela.data)
 *(.rela.data.*)
 *(.rela.gnu.linkonce.d*)

.rel.ctors
 *(.rel.ctors)

.rela.ctors
 *(.rela.ctors)

.rel.dtors
 *(.rel.dtors)

.rela.dtors
 *(.rela.dtors)

.rel.got
 *(.rel.got)

.rela.got
 *(.rela.got)

.rel.bss
 *(.rel.bss)

.rela.bss
 *(.rela.bss)

.rel.plt
 *(.rel.plt)

.rela.plt
 *(.rela.plt)

.text           0x00000000     0x1b44
 *(.vectors)
 .vectors       0x00000000       0x70 c:/winavr-20070525/bin/../lib/gcc/avr/4.1.2/../../../../avr/lib/avr5/crtm644.o
                0x00000000                __vectors
                0x00000000                __vector_default
 *(.vectors)
 *(.progmem.gcc*)
 *(.progmem*)
 .progmem.data  0x00000070       0x1a tutorial2local.o
                0x0000008a                . = ALIGN (0x2)
                0x0000008a                __trampolines_start = .
 *(.trampolines)
 .trampolines   0x0000008a        0x0 linker stubs
 *(.trampolines*)
                0x0000008a                __trampolines_end = .
 *(.jumptables)
 *(.jumptables*)
 *(.lowtext)
 *(.lowtext*)
                0x0000008a                __ctors_start = .
 *(.ctors)
                0x0000008a                __ctors_end = .
                0x0000008a                __dtors_start = .
 *(.dtors)
                0x0000008a                __dtors_end = .
 SORT(*)(.ctors)
 SORT(*)(.dtors)
 *(.init0)
 .init0         0x0000008a        0x0 c:/winavr-20070525/bin/../lib/gcc/avr/4.1.2/../../../../avr/lib/avr5/crtm644.o
                0x0000008a                __init
 *(.init0)
 *(.init1)
 *(.init1)
 *(.init2)
 .init2         0x0000008a        0xc c:/winavr-20070525/bin/../lib/gcc/avr/4.1.2/../../../../avr/lib/avr5/crtm644.o
 *(.init2)
 *(.init3)
 *(.init3)
 *(.init4)
 .init4         0x00000096       0x16 c:/winavr-20070525/bin/../lib/gcc/avr/4.1.2/avr5\libgcc.a(_copy_data.o)
                0x00000096                __do_copy_data
 .init4         0x000000ac       0x10 c:/winavr-20070525/bin/../lib/gcc/avr/4.1.2/avr5\libgcc.a(_clear_bss.o)
                0x000000ac                __do_clear_bss
 *(.init4)
 *(.init5)
 *(.init5)
 *(.init6)
 *(.init6)
 *(.init7)
 *(.init7)
 *(.init8)
 *(.init8)
 *(.init9)
 .init9         0x000000bc        0x8 c:/winavr-20070525/bin/../lib/gcc/avr/4.1.2/../../../../avr/lib/avr5/crtm644.o
 *(.init9)
 *(.text)
 .text          0x000000c4        0x4 c:/winavr-20070525/bin/../lib/gcc/avr/4.1.2/../../../../avr/lib/avr5/crtm644.o
                0x000000c4                __vector_22
                0x000000c4                __vector_1
                0x000000c4                __vector_24
                0x000000c4                __vector_12
                0x000000c4                __bad_interrupt
                0x000000c4                __vector_6
                0x000000c4                __vector_3
                0x000000c4                __vector_23
                0x000000c4                __vector_25
                0x000000c4                __vector_11
                0x000000c4                __vector_13
                0x000000c4                __vector_17
                0x000000c4                __vector_19
                0x000000c4                __vector_7
                0x000000c4                __vector_27
                0x000000c4                __vector_5
                0x000000c4                __vector_4
                0x000000c4                __vector_9
                0x000000c4                __vector_2
                0x000000c4                __vector_21
                0x000000c4                __vector_15
                0x000000c4                __vector_8
                0x000000c4                __vector_26
                0x000000c4                __vector_14
                0x000000c4                __vector_10
                0x000000c4                __vector_16
                0x000000c4                __vector_18
                0x000000c4                __vector_20
 .text          0x000000c8      0x15c tutorial2local.o
                0x0000010e                main
                0x000000c8                Initialize
 .text          0x00000224       0x5a spi1.o
                0x0000025e                spi1_read
                0x00000224                spi1_open
                0x00000270                spi1_send_read_byte
 .text          0x0000027e     0x10d0 nrf24l01.o
                0x00000a3e                nrf24l01_irq_clear_all
                0x00000dea                nrf24l01_set_tx_addr
                0x00000894                nrf24l01_get_observe_tx
                0x0000043c                nrf24l01_read_rx_payload
                0x000003f4                nrf24l01_irq_rx_dr_active
                0x000002a2                nrf24l01_ce_pin_active
                0x00000eba                nrf24l01_power_down_param
                0x00000cd2                nrf24l01_clear_plos_cnt
                0x00000a86                nrf24l01_rx_pipe_disable
                0x000002e4                nrf24l01_get_rx_pipe_from_status
                0x00000d90                nrf24l01_set_rx_pw
                0x000008ce                nrf24l01_get_rf_ch
                0x0000046c                nrf24l01_write_tx_payload
                0x00000fbe                nrf24l01_set_as_tx_param
                0x00000a04                nrf24l01_irq_clear_rx_dr
                0x0000049e                nrf24l01_get_all_registers
                0x00000282                nrf24l01_rx_active_to_standby
                0x00000760                nrf24l01_rx_pipe_enabled
                0x0000027e                nrf24l01_clear_ce
                0x000003dc                nrf24l01_irq_max_rt_active
                0x0000028c                nrf24l01_transmit
                0x00000632                nrf24l01_fifo_tx_empty
                0x00000288                nrf24l01_set_ce
                0x00000818                nrf24l01_get_arc_cnt
                0x00000c9a                nrf24l01_clear_plos_cnt_param
                0x00000428                nrf24l01_flush_tx
                0x00000b90                nrf24l01_aa_disable
                0x00000856                nrf24l01_get_plos_cnt
                0x00000fea                nrf24l01_power_up
                0x00000d1e                nrf24l01_set_rf_ch
                0x00000990                nrf24l01_irq_clear_max_rt
                0x000003c8                nrf24l01_get_status
                0x000002bc                nrf24l01_set_csn
                0x000010be                nrf24l01_initialize
                0x00000e50                nrf24l01_set_as_rx
                0x00001070                nrf24l01_initialize_debug_lite
                0x000002f0                nrf24l01_spi_send_read
                0x00000b0c                nrf24l01_rx_pipe_enable
                0x000007bc                nrf24l01_aa_enabled
                0x000009ca                nrf24l01_irq_clear_tx_ds
                0x000012ce                nrf24l01_initialize_debug
                0x00000d58                nrf24l01_set_config
                0x00000df6                nrf24l01_set_as_tx
                0x00000ef8                nrf24l01_power_down
                0x00000908                nrf24l01_get_config
                0x00000492                nrf24l01_read_register
                0x000006ae                nrf24l01_fifo_tx_reuse
                0x000002b8                nrf24l01_clear_csn
                0x000003d0                nrf24l01_get_rx_pipe
                0x000005b6                nrf24l01_fifo_rx_empty
                0x000003b4                nrf24l01_nop
                0x00000670                nrf24l01_fifo_tx_full
                0x000003e8                nrf24l01_irq_tx_ds_active
                0x000006ec                nrf24l01_get_fifo_status
                0x00000a78                nrf24l01_clear_flush
                0x00000726                nrf24l01_cd_active
                0x00000348                nrf24l01_execute_command
                0x00000942                nrf24l01_get_rx_pw
                0x000002d6                nrf24l01_irq_pin_active
                0x00000fd6                nrf24l01_set_as_rx_param
                0x00000dd4                nrf24l01_set_rx_addr
                0x00000414                nrf24l01_flush_rx
                0x0000029c                nrf24l01_rx_standby_to_active
                0x000005f4                nrf24l01_fifo_rx_full
                0x00000c16                nrf24l01_aa_enable
                0x00000f52                nrf24l01_power_up_param
                0x00000400                nrf24l01_reuse_tx_pl
                0x00000982                nrf24l01_write_register
                0x000002c0                nrf24l01_csn_pin_active
 .text          0x0000134e       0x90 usart0.o
                0x0000138e                usart0_get
                0x0000139e                usart0_rx_data_ready
                0x0000136e                usart0_put
                0x0000134e                usart0_open
                0x0000137e                usart0_get_rx_data
                0x000013aa                usart0_get_delay
 .text          0x000013de        0x0 c:/winavr-20070525/bin/../lib/gcc/avr/4.1.2/avr5\libgcc.a(_exit.o)
 .text          0x000013de        0x0 c:/winavr-20070525/bin/../lib/gcc/avr/4.1.2/avr5\libgcc.a(_copy_data.o)
 .text          0x000013de        0x0 c:/winavr-20070525/bin/../lib/gcc/avr/4.1.2/avr5\libgcc.a(_clear_bss.o)
 .text          0x000013de       0x86 c:/winavr-20070525/bin/../lib/gcc/avr/4.1.2/../../../../avr/lib/avr5\libc.a(fgetc.o)
                0x000013de                fgetc
 .text          0x00001464        0x0 c:/winavr-20070525/bin/../lib/gcc/avr/4.1.2/../../../../avr/lib/avr5\libc.a(iob.o)
 .text          0x00001464       0x5e c:/winavr-20070525/bin/../lib/gcc/avr/4.1.2/../../../../avr/lib/avr5\libc.a(printf_p.o)
                0x00001464                printf_P
 .text          0x000014c2        0xe c:/winavr-20070525/bin/../lib/gcc/avr/4.1.2/../../../../avr/lib/avr5\libc.a(putchar.o)
                0x000014c2                putchar
 .text          0x000014d0      0x596 c:/winavr-20070525/bin/../lib/gcc/avr/4.1.2/../../../../avr/lib/avr5\libc.a(vfprintf_std.o)
                0x000014d0                vfprintf
 .text          0x00001a66       0x12 c:/winavr-20070525/bin/../lib/gcc/avr/4.1.2/../../../../avr/lib/avr5\libc.a(strlen_P.o)
                0x00001a66                strlen_P
 .text          0x00001a78       0x16 c:/winavr-20070525/bin/../lib/gcc/avr/4.1.2/../../../../avr/lib/avr5\libc.a(strnlen_P.o)
                0x00001a78                strnlen_P
 .text          0x00001a8e       0x16 c:/winavr-20070525/bin/../lib/gcc/avr/4.1.2/../../../../avr/lib/avr5\libc.a(strnlen.o)
                0x00001a8e                strnlen
 .text          0x00001aa4       0x5a c:/winavr-20070525/bin/../lib/gcc/avr/4.1.2/../../../../avr/lib/avr5\libc.a(fputc.o)
                0x00001aa4                fputc
 .text          0x00001afe        0x0 c:/winavr-20070525/bin/../lib/gcc/avr/4.1.2/avr5\libgcc.a(_udivmodsi4.o)
                0x00001afe                . = ALIGN (0x2)
 *(.text.*)
 .text.libgcc   0x00001afe        0x0 c:/winavr-20070525/bin/../lib/gcc/avr/4.1.2/avr5\libgcc.a(_exit.o)
 .text.libgcc   0x00001afe        0x0 c:/winavr-20070525/bin/../lib/gcc/avr/4.1.2/avr5\libgcc.a(_copy_data.o)
 .text.libgcc   0x00001afe        0x0 c:/winavr-20070525/bin/../lib/gcc/avr/4.1.2/avr5\libgcc.a(_clear_bss.o)
 .text.libgcc   0x00001afe       0x44 c:/winavr-20070525/bin/../lib/gcc/avr/4.1.2/avr5\libgcc.a(_udivmodsi4.o)
                0x00001afe                __udivmodsi4
                0x00001b42                . = ALIGN (0x2)
 *(.fini9)
 .fini9         0x00001b42        0x0 c:/winavr-20070525/bin/../lib/gcc/avr/4.1.2/avr5\libgcc.a(_exit.o)
                0x00001b42                exit
                0x00001b42                _exit
 *(.fini9)
 *(.fini8)
 *(.fini8)
 *(.fini7)
 *(.fini7)
 *(.fini6)
 *(.fini6)
 *(.fini5)
 *(.fini5)
 *(.fini4)
 *(.fini4)
 *(.fini3)
 *(.fini3)
 *(.fini2)
 *(.fini2)
 *(.fini1)
 *(.fini1)
 *(.fini0)
 .fini0         0x00001b42        0x2 c:/winavr-20070525/bin/../lib/gcc/avr/4.1.2/avr5\libgcc.a(_exit.o)
 *(.fini0)
                0x00001b44                _etext = .

.data           0x00800100        0xe load address 0x00001b44
                0x00800100                PROVIDE (__data_start, .)
 *(.data)
 .data          0x00800100        0x0 c:/winavr-20070525/bin/../lib/gcc/avr/4.1.2/../../../../avr/lib/avr5/crtm644.o
 .data          0x00800100        0xe tutorial2local.o
 .data          0x0080010e        0x0 spi1.o
 .data          0x0080010e        0x0 nrf24l01.o
 .data          0x0080010e        0x0 usart0.o
 .data          0x0080010e        0x0 c:/winavr-20070525/bin/../lib/gcc/avr/4.1.2/avr5\libgcc.a(_exit.o)
 .data          0x0080010e        0x0 c:/winavr-20070525/bin/../lib/gcc/avr/4.1.2/avr5\libgcc.a(_copy_data.o)
 .data          0x0080010e        0x0 c:/winavr-20070525/bin/../lib/gcc/avr/4.1.2/avr5\libgcc.a(_clear_bss.o)
 .data          0x0080010e        0x0 c:/winavr-20070525/bin/../lib/gcc/avr/4.1.2/../../../../avr/lib/avr5\libc.a(fgetc.o)
 .data          0x0080010e        0x0 c:/winavr-20070525/bin/../lib/gcc/avr/4.1.2/../../../../avr/lib/avr5\libc.a(iob.o)
 .data          0x0080010e        0x0 c:/winavr-20070525/bin/../lib/gcc/avr/4.1.2/../../../../avr/lib/avr5\libc.a(printf_p.o)
 .data          0x0080010e        0x0 c:/winavr-20070525/bin/../lib/gcc/avr/4.1.2/../../../../avr/lib/avr5\libc.a(putchar.o)
 .data          0x0080010e        0x0 c:/winavr-20070525/bin/../lib/gcc/avr/4.1.2/../../../../avr/lib/avr5\libc.a(vfprintf_std.o)
 .data          0x0080010e        0x0 c:/winavr-20070525/bin/../lib/gcc/avr/4.1.2/../../../../avr/lib/avr5\libc.a(strlen_P.o)
 .data          0x0080010e        0x0 c:/winavr-20070525/bin/../lib/gcc/avr/4.1.2/../../../../avr/lib/avr5\libc.a(strnlen_P.o)
 .data          0x0080010e        0x0 c:/winavr-20070525/bin/../lib/gcc/avr/4.1.2/../../../../avr/lib/avr5\libc.a(strnlen.o)
 .data          0x0080010e        0x0 c:/winavr-20070525/bin/../lib/gcc/avr/4.1.2/../../../../avr/lib/avr5\libc.a(fputc.o)
 .data          0x0080010e        0x0 c:/winavr-20070525/bin/../lib/gcc/avr/4.1.2/avr5\libgcc.a(_udivmodsi4.o)
 *(.data*)
 *(.rodata)
 *(.rodata*)
 *(.gnu.linkonce.d*)
                0x0080010e                . = ALIGN (0x2)
                0x0080010e                _edata = .
                0x0080010e                PROVIDE (__data_end, .)

.bss            0x0080010e        0x6
                0x0080010e                PROVIDE (__bss_start, .)
 *(.bss)
 .bss           0x0080010e        0x0 c:/winavr-20070525/bin/../lib/gcc/avr/4.1.2/../../../../avr/lib/avr5/crtm644.o
 .bss           0x0080010e        0x0 tutorial2local.o
 .bss           0x0080010e        0x0 spi1.o
 .bss           0x0080010e        0x0 nrf24l01.o
 .bss           0x0080010e        0x0 usart0.o
 .bss           0x0080010e        0x0 c:/winavr-20070525/bin/../lib/gcc/avr/4.1.2/avr5\libgcc.a(_exit.o)
 .bss           0x0080010e        0x0 c:/winavr-20070525/bin/../lib/gcc/avr/4.1.2/avr5\libgcc.a(_copy_data.o)
 .bss           0x0080010e        0x0 c:/winavr-20070525/bin/../lib/gcc/avr/4.1.2/avr5\libgcc.a(_clear_bss.o)
 .bss           0x0080010e        0x0 c:/winavr-20070525/bin/../lib/gcc/avr/4.1.2/../../../../avr/lib/avr5\libc.a(fgetc.o)
 .bss           0x0080010e        0x0 c:/winavr-20070525/bin/../lib/gcc/avr/4.1.2/../../../../avr/lib/avr5\libc.a(iob.o)
 .bss           0x0080010e        0x0 c:/winavr-20070525/bin/../lib/gcc/avr/4.1.2/../../../../avr/lib/avr5\libc.a(printf_p.o)
 .bss           0x0080010e        0x0 c:/winavr-20070525/bin/../lib/gcc/avr/4.1.2/../../../../avr/lib/avr5\libc.a(putchar.o)
 .bss           0x0080010e        0x0 c:/winavr-20070525/bin/../lib/gcc/avr/4.1.2/../../../../avr/lib/avr5\libc.a(vfprintf_std.o)
 .bss           0x0080010e        0x0 c:/winavr-20070525/bin/../lib/gcc/avr/4.1.2/../../../../avr/lib/avr5\libc.a(strlen_P.o)
 .bss           0x0080010e        0x0 c:/winavr-20070525/bin/../lib/gcc/avr/4.1.2/../../../../avr/lib/avr5\libc.a(strnlen_P.o)
 .bss           0x0080010e        0x0 c:/winavr-20070525/bin/../lib/gcc/avr/4.1.2/../../../../avr/lib/avr5\libc.a(strnlen.o)
 .bss           0x0080010e        0x0 c:/winavr-20070525/bin/../lib/gcc/avr/4.1.2/../../../../avr/lib/avr5\libc.a(fputc.o)
 .bss           0x0080010e        0x0 c:/winavr-20070525/bin/../lib/gcc/avr/4.1.2/avr5\libgcc.a(_udivmodsi4.o)
 *(.bss*)
 *(COMMON)
 COMMON         0x0080010e        0x6 c:/winavr-20070525/bin/../lib/gcc/avr/4.1.2/../../../../avr/lib/avr5\libc.a(iob.o)
                0x0080010e                __iob
                0x00800114                PROVIDE (__bss_end, .)
                0x00001b44                __data_load_start = LOADADDR (.data)
                0x00001b52                __data_load_end = (__data_load_start + SIZEOF (.data))

.noinit         0x00800114        0x0
                0x00800114                PROVIDE (__noinit_start, .)
 *(.noinit*)
                0x00800114                PROVIDE (__noinit_end, .)
                0x00800114                _end = .
                0x00800114                PROVIDE (__heap_start, .)

.eeprom         0x00810000        0x0
 *(.eeprom*)
                0x00810000                __eeprom_end = .

.stab           0x00000000      0x378
 *(.stab)
 .stab          0x00000000      0x378 c:/winavr-20070525/bin/../lib/gcc/avr/4.1.2/../../../../avr/lib/avr5/crtm644.o

.stabstr        0x00000000       0x71
 *(.stabstr)
 .stabstr       0x00000000       0x71 c:/winavr-20070525/bin/../lib/gcc/avr/4.1.2/../../../../avr/lib/avr5/crtm644.o

.stab.excl
 *(.stab.excl)

.stab.exclstr
 *(.stab.exclstr)

.stab.index
 *(.stab.index)

.stab.indexstr
 *(.stab.indexstr)

.comment
 *(.comment)

.debug
 *(.debug)

.line
 *(.line)

.debug_srcinfo
 *(.debug_srcinfo)

.debug_sfnames
 *(.debug_sfnames)

.debug_aranges  0x00000000       0x80
 *(.debug_aranges)
 .debug_aranges
                0x00000000       0x20 tutorial2local.o
 .debug_aranges
                0x00000020       0x20 spi1.o
 .debug_aranges
                0x00000040       0x20 nrf24l01.o
 .debug_aranges
                0x00000060       0x20 usart0.o

.debug_pubnames
                0x00000000      0x830
 *(.debug_pubnames)
 .debug_pubnames
                0x00000000       0x2a tutorial2local.o
 .debug_pubnames
                0x0000002a       0x46 spi1.o
 .debug_pubnames
                0x00000070      0x73b nrf24l01.o
 .debug_pubnames
                0x000007ab       0x85 usart0.o

.debug_info     0x00000000     0x1557
 *(.debug_info)
 .debug_info    0x00000000      0x3da tutorial2local.o
 .debug_info    0x000003da       0xcf spi1.o
 .debug_info    0x000004a9      0xf87 nrf24l01.o
 .debug_info    0x00001430      0x127 usart0.o
 *(.gnu.linkonce.wi.*)

.debug_abbrev   0x00000000      0x534
 *(.debug_abbrev)
 .debug_abbrev  0x00000000      0x1c0 tutorial2local.o
 .debug_abbrev  0x000001c0       0x90 spi1.o
 .debug_abbrev  0x00000250      0x222 nrf24l01.o
 .debug_abbrev  0x00000472       0xc2 usart0.o

.debug_line     0x00000000     0x1140
 *(.debug_line)
 .debug_line    0x00000000      0x27e tutorial2local.o
 .debug_line    0x0000027e      0x150 spi1.o
 .debug_line    0x000003ce      0xc00 nrf24l01.o
 .debug_line    0x00000fce      0x172 usart0.o

.debug_frame    0x00000000      0x560
 *(.debug_frame)
 .debug_frame   0x00000000       0x50 tutorial2local.o
 .debug_frame   0x00000050       0x40 spi1.o
 .debug_frame   0x00000090      0x460 nrf24l01.o
 .debug_frame   0x000004f0       0x70 usart0.o

.debug_str      0x00000000      0x955
 *(.debug_str)
 .debug_str     0x00000000      0x146 tutorial2local.o
                                0x1b0 (size before relaxing)
 .debug_str     0x00000146       0x38 spi1.o
                                 0xf7 (size before relaxing)
 .debug_str     0x0000017e      0x766 nrf24l01.o
                                0x8a1 (size before relaxing)
 .debug_str     0x000008e4       0x71 usart0.o
                                0x13f (size before relaxing)

.debug_loc      0x00000000      0xcfb
 *(.debug_loc)
 .debug_loc     0x00000000       0xaa tutorial2local.o
 .debug_loc     0x000000aa       0x13 spi1.o
 .debug_loc     0x000000bd      0xbf8 nrf24l01.o
 .debug_loc     0x00000cb5       0x46 usart0.o

.debug_macinfo
 *(.debug_macinfo)
OUTPUT(nordic.elf elf32-avr)
LOAD linker stubs
