Archive member included because of file (symbol)

c:/winavr-20070525/bin/../lib/gcc/avr/4.1.2/avr5\libgcc.a(_exit.o)
                              c:/winavr-20070525/bin/../lib/gcc/avr/4.1.2/../../../../avr/lib/avr5/crtm644.o (exit)
c:/winavr-20070525/bin/../lib/gcc/avr/4.1.2/avr5\libgcc.a(_copy_data.o)
                              nordic_receive.o (__do_copy_data)
c:/winavr-20070525/bin/../lib/gcc/avr/4.1.2/avr5\libgcc.a(_clear_bss.o)
                              nordic_receive.o (__do_clear_bss)

Discarded input sections

 .stabstr       0x00000000        0x0 c:/winavr-20070525/bin/../lib/gcc/avr/4.1.2/../../../../avr/lib/avr5/crtm644.o

Memory Configuration

Name             Origin             Length             Attributes
text             0x00000000         0x00020000         xr
data             0x00800060         0x0000ffa0         rw !x
eeprom           0x00810000         0x00010000         rw !x
*default*        0x00000000         0xffffffff

Linker script and memory map

Address of section .data set to 0x800100
LOAD c:/winavr-20070525/bin/../lib/gcc/avr/4.1.2/../../../../avr/lib/avr5/crtm644.o
LOAD nordic_receive.o
LOAD spi1.o
LOAD nrf24l01.o
LOAD c:/winavr-20070525/bin/../lib/gcc/avr/4.1.2/avr5\libgcc.a
LOAD c:/winavr-20070525/bin/../lib/gcc/avr/4.1.2/../../../../avr/lib/avr5\libc.a
LOAD c:/winavr-20070525/bin/../lib/gcc/avr/4.1.2/avr5\libgcc.a

.hash
 *(.hash)

.dynsym
 *(.dynsym)

.dynstr
 *(.dynstr)

.gnu.version
 *(.gnu.version)

.gnu.version_d
 *(.gnu.version_d)

.gnu.version_r
 *(.gnu.version_r)

.rel.init
 *(.rel.init)

.rela.init
 *(.rela.init)

.rel.text
 *(.rel.text)
 *(.rel.text.*)
 *(.rel.gnu.linkonce.t*)

.rela.text
 *(.rela.text)
 *(.rela.text.*)
 *(.rela.gnu.linkonce.t*)

.rel.fini
 *(.rel.fini)

.rela.fini
 *(.rela.fini)

.rel.rodata
 *(.rel.rodata)
 *(.rel.rodata.*)
 *(.rel.gnu.linkonce.r*)

.rela.rodata
 *(.rela.rodata)
 *(.rela.rodata.*)
 *(.rela.gnu.linkonce.r*)

.rel.data
 *(.rel.data)
 *(.rel.data.*)
 *(.rel.gnu.linkonce.d*)

.rela.data
 *(.rela.data)
 *(.rela.data.*)
 *(.rela.gnu.linkonce.d*)

.rel.ctors
 *(.rel.ctors)

.rela.ctors
 *(.rela.ctors)

.rel.dtors
 *(.rel.dtors)

.rela.dtors
 *(.rela.dtors)

.rel.got
 *(.rel.got)

.rela.got
 *(.rela.got)

.rel.bss
 *(.rel.bss)

.rela.bss
 *(.rela.bss)

.rel.plt
 *(.rel.plt)

.rela.plt
 *(.rela.plt)

.text           0x00000000     0x1256
 *(.vectors)
 .vectors       0x00000000       0x70 c:/winavr-20070525/bin/../lib/gcc/avr/4.1.2/../../../../avr/lib/avr5/crtm644.o
                0x00000000                __vectors
                0x00000000                __vector_default
 *(.vectors)
 *(.progmem.gcc*)
 *(.progmem*)
                0x00000070                . = ALIGN (0x2)
                0x00000070                __trampolines_start = .
 *(.trampolines)
 .trampolines   0x00000070        0x0 linker stubs
 *(.trampolines*)
                0x00000070                __trampolines_end = .
 *(.jumptables)
 *(.jumptables*)
 *(.lowtext)
 *(.lowtext*)
                0x00000070                __ctors_start = .
 *(.ctors)
                0x00000070                __ctors_end = .
                0x00000070                __dtors_start = .
 *(.dtors)
                0x00000070                __dtors_end = .
 SORT(*)(.ctors)
 SORT(*)(.dtors)
 *(.init0)
 .init0         0x00000070        0x0 c:/winavr-20070525/bin/../lib/gcc/avr/4.1.2/../../../../avr/lib/avr5/crtm644.o
                0x00000070                __init
 *(.init0)
 *(.init1)
 *(.init1)
 *(.init2)
 .init2         0x00000070        0xc c:/winavr-20070525/bin/../lib/gcc/avr/4.1.2/../../../../avr/lib/avr5/crtm644.o
 *(.init2)
 *(.init3)
 *(.init3)
 *(.init4)
 .init4         0x0000007c       0x16 c:/winavr-20070525/bin/../lib/gcc/avr/4.1.2/avr5\libgcc.a(_copy_data.o)
                0x0000007c                __do_copy_data
 .init4         0x00000092       0x10 c:/winavr-20070525/bin/../lib/gcc/avr/4.1.2/avr5\libgcc.a(_clear_bss.o)
                0x00000092                __do_clear_bss
 *(.init4)
 *(.init5)
 *(.init5)
 *(.init6)
 *(.init6)
 *(.init7)
 *(.init7)
 *(.init8)
 *(.init8)
 *(.init9)
 .init9         0x000000a2        0x8 c:/winavr-20070525/bin/../lib/gcc/avr/4.1.2/../../../../avr/lib/avr5/crtm644.o
 *(.init9)
 *(.text)
 .text          0x000000aa        0x4 c:/winavr-20070525/bin/../lib/gcc/avr/4.1.2/../../../../avr/lib/avr5/crtm644.o
                0x000000aa                __vector_22
                0x000000aa                __vector_1
                0x000000aa                __vector_24
                0x000000aa                __vector_12
                0x000000aa                __bad_interrupt
                0x000000aa                __vector_6
                0x000000aa                __vector_3
                0x000000aa                __vector_23
                0x000000aa                __vector_25
                0x000000aa                __vector_11
                0x000000aa                __vector_13
                0x000000aa                __vector_17
                0x000000aa                __vector_19
                0x000000aa                __vector_7
                0x000000aa                __vector_27
                0x000000aa                __vector_5
                0x000000aa                __vector_4
                0x000000aa                __vector_9
                0x000000aa                __vector_2
                0x000000aa                __vector_21
                0x000000aa                __vector_15
                0x000000aa                __vector_8
                0x000000aa                __vector_26
                0x000000aa                __vector_14
                0x000000aa                __vector_10
                0x000000aa                __vector_16
                0x000000aa                __vector_18
                0x000000aa                __vector_20
 .text          0x000000ae       0x9c nordic_receive.o
                0x000000be                main
                0x000000ae                Initialize
 .text          0x0000014a       0x56 spi1.o
                0x00000180                spi1_read
                0x0000014a                spi1_open
                0x00000192                spi1_send_read_byte
 .text          0x000001a0     0x10b4 nrf24l01.o
                0x00000960                nrf24l01_irq_clear_all
                0x00000d0c                nrf24l01_set_tx_addr
                0x000007b6                nrf24l01_get_observe_tx
                0x0000035e                nrf24l01_read_rx_payload
                0x00000316                nrf24l01_irq_rx_dr_active
                0x000001c4                nrf24l01_ce_pin_active
                0x00000ddc                nrf24l01_power_down_param
                0x00000bf4                nrf24l01_clear_plos_cnt
                0x000009a8                nrf24l01_rx_pipe_disable
                0x00000206                nrf24l01_get_rx_pipe_from_status
                0x00000cb2                nrf24l01_set_rx_pw
                0x000007f0                nrf24l01_get_rf_ch
                0x0000038e                nrf24l01_write_tx_payload
                0x00000ed2                nrf24l01_set_as_tx_param
                0x00000926                nrf24l01_irq_clear_rx_dr
                0x000003c0                nrf24l01_get_all_registers
                0x000001a4                nrf24l01_rx_active_to_standby
                0x00000682                nrf24l01_rx_pipe_enabled
                0x000001a0                nrf24l01_clear_ce
                0x000002fe                nrf24l01_irq_max_rt_active
                0x000001ae                nrf24l01_transmit
                0x00000554                nrf24l01_fifo_tx_empty
                0x000001aa                nrf24l01_set_ce
                0x0000073a                nrf24l01_get_arc_cnt
                0x00000bbc                nrf24l01_clear_plos_cnt_param
                0x0000034a                nrf24l01_flush_tx
                0x00000ab2                nrf24l01_aa_disable
                0x00000778                nrf24l01_get_plos_cnt
                0x00000efe                nrf24l01_power_up
                0x00000c40                nrf24l01_set_rf_ch
                0x000008b2                nrf24l01_irq_clear_max_rt
                0x000002ea                nrf24l01_get_status
                0x000001de                nrf24l01_set_csn
                0x00000fc4                nrf24l01_initialize
                0x00000d72                nrf24l01_set_as_rx
                0x00000f76                nrf24l01_initialize_debug_lite
                0x00000212                nrf24l01_spi_send_read
                0x00000a2e                nrf24l01_rx_pipe_enable
                0x000006de                nrf24l01_aa_enabled
                0x000008ec                nrf24l01_irq_clear_tx_ds
                0x000011d4                nrf24l01_initialize_debug
                0x00000c7a                nrf24l01_set_config
                0x00000d18                nrf24l01_set_as_tx
                0x00000e1a                nrf24l01_power_down
                0x0000082a                nrf24l01_get_config
                0x000003b4                nrf24l01_read_register
                0x000005d0                nrf24l01_fifo_tx_reuse
                0x000001da                nrf24l01_clear_csn
                0x000002f2                nrf24l01_get_rx_pipe
                0x000004d8                nrf24l01_fifo_rx_empty
                0x000002d6                nrf24l01_nop
                0x00000592                nrf24l01_fifo_tx_full
                0x0000030a                nrf24l01_irq_tx_ds_active
                0x0000060e                nrf24l01_get_fifo_status
                0x0000099a                nrf24l01_clear_flush
                0x00000648                nrf24l01_cd_active
                0x0000026a                nrf24l01_execute_command
                0x00000864                nrf24l01_get_rx_pw
                0x000001f8                nrf24l01_irq_pin_active
                0x00000eea                nrf24l01_set_as_rx_param
                0x00000cf6                nrf24l01_set_rx_addr
                0x00000336                nrf24l01_flush_rx
                0x000001be                nrf24l01_rx_standby_to_active
                0x00000516                nrf24l01_fifo_rx_full
                0x00000b38                nrf24l01_aa_enable
                0x00000e74                nrf24l01_power_up_param
                0x00000322                nrf24l01_reuse_tx_pl
                0x000008a4                nrf24l01_write_register
                0x000001e2                nrf24l01_csn_pin_active
 .text          0x00001254        0x0 c:/winavr-20070525/bin/../lib/gcc/avr/4.1.2/avr5\libgcc.a(_exit.o)
 .text          0x00001254        0x0 c:/winavr-20070525/bin/../lib/gcc/avr/4.1.2/avr5\libgcc.a(_copy_data.o)
 .text          0x00001254        0x0 c:/winavr-20070525/bin/../lib/gcc/avr/4.1.2/avr5\libgcc.a(_clear_bss.o)
                0x00001254                . = ALIGN (0x2)
 *(.text.*)
 .text.libgcc   0x00001254        0x0 c:/winavr-20070525/bin/../lib/gcc/avr/4.1.2/avr5\libgcc.a(_exit.o)
 .text.libgcc   0x00001254        0x0 c:/winavr-20070525/bin/../lib/gcc/avr/4.1.2/avr5\libgcc.a(_copy_data.o)
 .text.libgcc   0x00001254        0x0 c:/winavr-20070525/bin/../lib/gcc/avr/4.1.2/avr5\libgcc.a(_clear_bss.o)
                0x00001254                . = ALIGN (0x2)
 *(.fini9)
 .fini9         0x00001254        0x0 c:/winavr-20070525/bin/../lib/gcc/avr/4.1.2/avr5\libgcc.a(_exit.o)
                0x00001254                exit
                0x00001254                _exit
 *(.fini9)
 *(.fini8)
 *(.fini8)
 *(.fini7)
 *(.fini7)
 *(.fini6)
 *(.fini6)
 *(.fini5)
 *(.fini5)
 *(.fini4)
 *(.fini4)
 *(.fini3)
 *(.fini3)
 *(.fini2)
 *(.fini2)
 *(.fini1)
 *(.fini1)
 *(.fini0)
 .fini0         0x00001254        0x2 c:/winavr-20070525/bin/../lib/gcc/avr/4.1.2/avr5\libgcc.a(_exit.o)
 *(.fini0)
                0x00001256                _etext = .

.data           0x00800100        0x0 load address 0x00001256
                0x00800100                PROVIDE (__data_start, .)
 *(.data)
 .data          0x00800100        0x0 c:/winavr-20070525/bin/../lib/gcc/avr/4.1.2/../../../../avr/lib/avr5/crtm644.o
 .data          0x00800100        0x0 nordic_receive.o
 .data          0x00800100        0x0 spi1.o
 .data          0x00800100        0x0 nrf24l01.o
 .data          0x00800100        0x0 c:/winavr-20070525/bin/../lib/gcc/avr/4.1.2/avr5\libgcc.a(_exit.o)
 .data          0x00800100        0x0 c:/winavr-20070525/bin/../lib/gcc/avr/4.1.2/avr5\libgcc.a(_copy_data.o)
 .data          0x00800100        0x0 c:/winavr-20070525/bin/../lib/gcc/avr/4.1.2/avr5\libgcc.a(_clear_bss.o)
 *(.data*)
 *(.rodata)
 *(.rodata*)
 *(.gnu.linkonce.d*)
                0x00800100                . = ALIGN (0x2)
                0x00800100                _edata = .
                0x00800100                PROVIDE (__data_end, .)

.bss            0x00800100        0x0
                0x00800100                PROVIDE (__bss_start, .)
 *(.bss)
 .bss           0x00800100        0x0 c:/winavr-20070525/bin/../lib/gcc/avr/4.1.2/../../../../avr/lib/avr5/crtm644.o
 .bss           0x00800100        0x0 nordic_receive.o
 .bss           0x00800100        0x0 spi1.o
 .bss           0x00800100        0x0 nrf24l01.o
 .bss           0x00800100        0x0 c:/winavr-20070525/bin/../lib/gcc/avr/4.1.2/avr5\libgcc.a(_exit.o)
 .bss           0x00800100        0x0 c:/winavr-20070525/bin/../lib/gcc/avr/4.1.2/avr5\libgcc.a(_copy_data.o)
 .bss           0x00800100        0x0 c:/winavr-20070525/bin/../lib/gcc/avr/4.1.2/avr5\libgcc.a(_clear_bss.o)
 *(.bss*)
 *(COMMON)
                0x00800100                PROVIDE (__bss_end, .)
                0x00001256                __data_load_start = LOADADDR (.data)
                0x00001256                __data_load_end = (__data_load_start + SIZEOF (.data))

.noinit         0x00800100        0x0
                0x00800100                PROVIDE (__noinit_start, .)
 *(.noinit*)
                0x00800100                PROVIDE (__noinit_end, .)
                0x00800100                _end = .
                0x00800100                PROVIDE (__heap_start, .)

.eeprom         0x00810000        0x0
 *(.eeprom*)
                0x00810000                __eeprom_end = .

.stab           0x00000000      0x378
 *(.stab)
 .stab          0x00000000      0x378 c:/winavr-20070525/bin/../lib/gcc/avr/4.1.2/../../../../avr/lib/avr5/crtm644.o

.stabstr        0x00000000       0x71
 *(.stabstr)
 .stabstr       0x00000000       0x71 c:/winavr-20070525/bin/../lib/gcc/avr/4.1.2/../../../../avr/lib/avr5/crtm644.o

.stab.excl
 *(.stab.excl)

.stab.exclstr
 *(.stab.exclstr)

.stab.index
 *(.stab.index)

.stab.indexstr
 *(.stab.indexstr)

.comment
 *(.comment)

.debug
 *(.debug)

.line
 *(.line)

.debug_srcinfo
 *(.debug_srcinfo)

.debug_sfnames
 *(.debug_sfnames)

.debug_aranges  0x00000000       0x60
 *(.debug_aranges)
 .debug_aranges
                0x00000000       0x20 nordic_receive.o
 .debug_aranges
                0x00000020       0x20 spi1.o
 .debug_aranges
                0x00000040       0x20 nrf24l01.o

.debug_pubnames
                0x00000000      0x7ab
 *(.debug_pubnames)
 .debug_pubnames
                0x00000000       0x2a nordic_receive.o
 .debug_pubnames
                0x0000002a       0x46 spi1.o
 .debug_pubnames
                0x00000070      0x73b nrf24l01.o

.debug_info     0x00000000     0x1295
 *(.debug_info)
 .debug_info    0x00000000      0x206 nordic_receive.o
 .debug_info    0x00000206       0xcf spi1.o
 .debug_info    0x000002d5      0xfc0 nrf24l01.o
 *(.gnu.linkonce.wi.*)

.debug_abbrev   0x00000000      0x372
 *(.debug_abbrev)
 .debug_abbrev  0x00000000       0xde nordic_receive.o
 .debug_abbrev  0x000000de       0x90 spi1.o
 .debug_abbrev  0x0000016e      0x204 nrf24l01.o

.debug_line     0x00000000      0xeb0
 *(.debug_line)
 .debug_line    0x00000000      0x178 nordic_receive.o
 .debug_line    0x00000178      0x148 spi1.o
 .debug_line    0x000002c0      0xbf0 nrf24l01.o

.debug_frame    0x00000000      0x4d0
 *(.debug_frame)
 .debug_frame   0x00000000       0x30 nordic_receive.o
 .debug_frame   0x00000030       0x40 spi1.o
 .debug_frame   0x00000070      0x460 nrf24l01.o

.debug_str      0x00000000      0x8ab
 *(.debug_str)
 .debug_str     0x00000000       0xe7 nordic_receive.o
                                0x120 (size before relaxing)
 .debug_str     0x000000e7       0x38 spi1.o
                                 0xf7 (size before relaxing)
 .debug_str     0x0000011f      0x78c nrf24l01.o
                                0x8c7 (size before relaxing)

.debug_loc      0x00000000      0xc1c
 *(.debug_loc)
 .debug_loc     0x00000000       0x4c nordic_receive.o
 .debug_loc     0x0000004c       0x13 spi1.o
 .debug_loc     0x0000005f      0xbbd nrf24l01.o

.debug_macinfo
 *(.debug_macinfo)
OUTPUT(nordic_receive.elf elf32-avr)
LOAD linker stubs
